2026-05-11 21:34:12,609 - INFO - Reading CSV file
2026-05-11 21:34:12,612 - INFO - Transforming data
2026-05-11 21:34:12,650 - INFO - Data loaded into MySQL
2026-05-11 21:44:24,691 - INFO - Reading CSV file
2026-05-11 21:44:24,694 - INFO - Transforming data
2026-05-11 21:44:24,776 - INFO - Data loaded into MySQL
2026-05-11 21:45:12,360 - INFO - Pipeline started
2026-05-11 21:45:12,361 - INFO - Reading CSV file
2026-05-11 21:45:12,364 - INFO - Validating data
2026-05-11 21:45:12,368 - INFO - Data validation passed
2026-05-11 21:45:12,368 - INFO - Transforming data
2026-05-11 21:45:12,407 - INFO - Data loaded into MySQL
2026-05-11 21:45:12,407 - INFO - Pipeline completed successfully
2026-05-11 21:46:05,820 - INFO - Pipeline started
2026-05-11 21:46:05,820 - INFO - Reading CSV file
2026-05-11 21:46:05,824 - INFO - Validating data
2026-05-11 21:46:05,827 - INFO - Data validation passed
2026-05-11 21:46:05,827 - INFO - Transforming data
2026-05-11 21:46:05,911 - INFO - Data loaded into MySQL
2026-05-11 21:46:05,912 - INFO - Pipeline completed successfully
2026-05-12 19:13:55,414 - INFO - Pipeline started
2026-05-12 19:13:55,415 - INFO - Reading CSV file
2026-05-12 19:13:55,420 - INFO - Validating data
2026-05-12 19:13:55,422 - INFO - Data validation passed
2026-05-12 19:13:55,422 - INFO - Transforming data
2026-05-12 19:13:55,532 - INFO - Data loaded into MySQL
2026-05-12 19:13:55,533 - INFO - Pipeline completed successfully
2026-05-13 21:51:18,055 - INFO - Pipeline started
2026-05-13 21:51:18,055 - INFO - Reading CSV file
2026-05-13 21:51:18,100 - INFO - Validating data
2026-05-13 21:51:18,132 - INFO - Data validation passed
2026-05-13 21:51:18,132 - INFO - Transforming data
2026-05-13 21:51:18,569 - INFO - Data loaded into MySQL
2026-05-13 21:51:18,571 - INFO - Pipeline completed successfully
2026-05-14 20:58:28,116 - INFO - Pipeline started
2026-05-14 20:58:28,117 - INFO - Reading CSV file
2026-05-14 20:58:28,127 - INFO - Validating data
2026-05-14 20:58:28,131 - INFO - Data validation passed
2026-05-14 20:58:28,131 - INFO - Transforming data
2026-05-14 20:58:28,552 - INFO - Data loaded into MySQL
2026-05-14 20:58:28,570 - INFO - Pipeline completed successfully
